#-----------------------------------------------------------
# Vivado v2019.1 (64-bit)
# SW Build 2552052 on Fri May 24 14:49:42 MDT 2019
# IP Build 2548770 on Fri May 24 18:01:18 MDT 2019
# Start of session at: Tue Dec  8 09:34:17 2020
# Process ID: 14940
# Current directory: C:/Users/Julian/Desktop/VivadoProjects/cecs341/final_lab
# Command line: vivado.exe -gui_launcher_event rodinguilauncherevent3548 C:\Users\Julian\Desktop\VivadoProjects\cecs341\final_lab\final_lab.xpr
# Log file: C:/Users/Julian/Desktop/VivadoProjects/cecs341/final_lab/vivado.log
# Journal file: C:/Users/Julian/Desktop/VivadoProjects/cecs341/final_lab\vivado.jou
#-----------------------------------------------------------
start_gui
open_project C:/Users/Julian/Desktop/VivadoProjects/cecs341/final_lab/final_lab.xpr
update_compile_order -fileset sources_1
launch_simulation
source Datapath_tb.tcl
close_sim
launch_simulation
source Datapath_tb.tcl
close_sim
launch_simulation
source Datapath_tb.tcl
synth_design -rtl -name rtl_1
close_sim
