#-----------------------------------------------------------
# Vivado v2019.1 (64-bit)
# SW Build 2552052 on Fri May 24 14:49:42 MDT 2019
# IP Build 2548770 on Fri May 24 18:01:18 MDT 2019
# Start of session at: Tue Nov 17 17:59:36 2020
# Process ID: 10900
# Current directory: C:/Users/Julian/Desktop/VivadoProjects/cecs341/lab5
# Command line: vivado.exe -gui_launcher_event rodinguilauncherevent6732 C:\Users\Julian\Desktop\VivadoProjects\cecs341\lab5\lab5.xpr
# Log file: C:/Users/Julian/Desktop/VivadoProjects/cecs341/lab5/vivado.log
# Journal file: C:/Users/Julian/Desktop/VivadoProjects/cecs341/lab5\vivado.jou
#-----------------------------------------------------------
start_gui
open_project C:/Users/Julian/Desktop/VivadoProjects/cecs341/lab5/lab5.xpr
update_compile_order -fileset sources_1
launch_simulation
open_wave_config C:/Users/Julian/Desktop/VivadoProjects/cecs341/lab5/Datapath_tb_behav.wcfg
source Datapath_tb.tcl
close_sim
launch_simulation
open_wave_config C:/Users/Julian/Desktop/VivadoProjects/cecs341/lab5/Datapath_tb_behav.wcfg
source Datapath_tb.tcl
close_sim
launch_simulation
open_wave_config C:/Users/Julian/Desktop/VivadoProjects/cecs341/lab5/Datapath_tb_behav.wcfg
source Datapath_tb.tcl
close_sim
